[ ]
[ alpha ]
'alpha' found in list
[ alpha gamma ]
'alpha' found in list
[ alpha beta gamma ]
