[ ]
[ Alice ]
List is not empty
[ Carol Alice ]
List has 2 items
