6 Carrots 1.25
3 Milk 5.69
2 Bread 4.99
3 Carrots 1.29
