Bagels : 2.50
Lox : 5.89
Salmon : 17.97
Total : 26.36
