[ ]
[ Alice ]
List is not empty
[ Alice ]
[ Carol Alice ]
List has 2 items
[ Carol Alice ]
