[ ]
[ alpha ]
'alpha' found in list
[ alpha ]
[ ]
[ beta ]
[ beta gamma ]
'gamma' found in list
[ beta gamma ]
[ beta ]
[ beta delta ]
[ beta delta epsilon ]
'delta' found in list
[ beta delta epsilon ]
[ beta epsilon ]
