Bagels : 2.50
Lox : 5.89
Salmon : 17.97
Bagels : 2.50
Total : 28.86
