a : *****
b : *
c : **
d : *
e : ***
f : *
h : ***
i : *
l : ***
o : ****
p : *
r : ***
t : ***
v : *
x : *
