(0/10) [ ]
(1/10) [ hello ]
(2/10) [ hello world ]
