(0/10) [ ]
(1/10) [ hello ]
(2/10) [ hello world ]
(3/10) [ hello world byebye ]
(2/10) [ hello byebye ]
(1/10) [ byebye ]
(2/10) [ byebye adieu ]
(1/10) [ byebye ]
