(0/10) [ ]
(1/10) [ hello ]
(2/10) [ hello world ]
No list!
(0/5) [ ]
(1/5) [ byebye ]
