(0/10) [ ]
(1/10) [ hello ]
(2/10) [ hello byebye ]
(3/10) [ hello byebye world ]
(3/10) [ hello byebye world ]
(2/10) [ hello world ]
No list!
